{
  "C": {
    "ifWithoutElse()": "digraph{\n0[label=\"Node Type: ENTRY_POINT 0\n\"];\n0->1;\n1[label=\"Node Type: IF 1\n\nEXPRESSION:\na > 100\n\nIRs:\nTMP_244(bool) = a > 100\nCONDITION TMP_244\"];\n1->2[label=\"True\"];\n1->3[label=\"False\"];\n2[label=\"Node Type: EXPRESSION 2\n\nEXPRESSION:\na = 100\n\nIRs:\na(uint256) := 100(uint256)\"];\n2->3;\n3[label=\"Node Type: END_IF 3\n\"];\n}\n",
    "ifWithElse()": "digraph{\n0[label=\"Node Type: ENTRY_POINT 0\n\"];\n0->1;\n1[label=\"Node Type: IF 1\n\nEXPRESSION:\na < 50\n\nIRs:\nTMP_245(bool) = a < 50\nCONDITION TMP_245\"];\n1->2[label=\"True\"];\n1->3[label=\"False\"];\n2[label=\"Node Type: EXPRESSION 2\n\nEXPRESSION:\na = 50\n\nIRs:\na(uint256) := 50(uint256)\"];\n2->4;\n3[label=\"Node Type: EXPRESSION 3\n\nEXPRESSION:\na /= 2\n\nIRs:\na(uint256) = a / 2\"];\n3->4;\n4[label=\"Node Type: END_IF 4\n\"];\n}\n",
    "ifWithElseIf()": "digraph{\n0[label=\"Node Type: ENTRY_POINT 0\n\"];\n0->1;\n1[label=\"Node Type: IF 1\n\nEXPRESSION:\na % 2 == 0\n\nIRs:\nTMP_246(uint256) = a % 2\nTMP_247(bool) = TMP_246 == 0\nCONDITION TMP_247\"];\n1->2[label=\"True\"];\n1->3[label=\"False\"];\n2[label=\"Node Type: EXPRESSION 2\n\nEXPRESSION:\na += 1\n\nIRs:\na(uint256) = a + 1\"];\n2->9;\n3[label=\"Node Type: IF 3\n\nEXPRESSION:\na % 3 == 0\n\nIRs:\nTMP_248(uint256) = a % 3\nTMP_249(bool) = TMP_248 == 0\nCONDITION TMP_249\"];\n3->4[label=\"True\"];\n3->5[label=\"False\"];\n4[label=\"Node Type: EXPRESSION 4\n\nEXPRESSION:\na /= 3\n\nIRs:\na(uint256) = a / 3\"];\n4->8;\n5[label=\"Node Type: IF 5\n\nEXPRESSION:\na % 4 == 0\n\nIRs:\nTMP_250(uint256) = a % 4\nTMP_251(bool) = TMP_250 == 0\nCONDITION TMP_251\"];\n5->6[label=\"True\"];\n5->7[label=\"False\"];\n6[label=\"Node Type: EXPRESSION 6\n\nEXPRESSION:\na *= 2\n\nIRs:\na(uint256) = a * 2\"];\n6->7;\n7[label=\"Node Type: END_IF 7\n\"];\n7->8;\n8[label=\"Node Type: END_IF 8\n\"];\n8->9;\n9[label=\"Node Type: END_IF 9\n\"];\n}\n",
    "ifWithElseIfElse()": "digraph{\n0[label=\"Node Type: ENTRY_POINT 0\n\"];\n0->1;\n1[label=\"Node Type: IF 1\n\nEXPRESSION:\na >= 100\n\nIRs:\nTMP_252(bool) = a >= 100\nCONDITION TMP_252\"];\n1->2[label=\"True\"];\n1->3[label=\"False\"];\n2[label=\"Node Type: EXPRESSION 2\n\nEXPRESSION:\na = 100\n\nIRs:\na(uint256) := 100(uint256)\"];\n2->7;\n3[label=\"Node Type: IF 3\n\nEXPRESSION:\na < 50\n\nIRs:\nTMP_253(bool) = a < 50\nCONDITION TMP_253\"];\n3->4[label=\"True\"];\n3->5[label=\"False\"];\n4[label=\"Node Type: EXPRESSION 4\n\nEXPRESSION:\na = 80\n\nIRs:\na(uint256) := 80(uint256)\"];\n4->6;\n5[label=\"Node Type: EXPRESSION 5\n\nEXPRESSION:\na = 75\n\nIRs:\na(uint256) := 75(uint256)\"];\n5->6;\n6[label=\"Node Type: END_IF 6\n\"];\n6->7;\n7[label=\"Node Type: END_IF 7\n\"];\n}\n"
  }
}